// Jest Snapshot v1, https://goo.gl/fbAQLP

exports[`Infinite Scroll Component InfiniteScroll component to Match Snapshot 1`] = `ReactWrapper {}`;
